// Jest Snapshot v1, https://goo.gl/fbAQLP

exports[`DetailsScreen matches snapshot 1`] = `
<View
  style={
    {
      "alignItems": "center",
      "backgroundColor": "#FFFFFF",
      "flex": 1,
      "flexDirection": "column",
      "paddingHorizontal": 16,
    }
  }
>
  <Text>
    Warsaw-Clear-22-01d
  </Text>
  <Text>
    Humidity:65%
  </Text>
  <Text>
    Pressure:1013 hPa
  </Text>
  <Text>
    Wind Speed:5 mph
  </Text>
  <Text>
    Cloud Cover:20%
  </Text>
</View>
`;
