// Jest Snapshot v1, https://goo.gl/fbAQLP

exports[`EmptyComponentList renders correctly and matches snapshot 1`] = `
<View
  style={
    {
      "alignItems": "center",
      "backgroundColor": "#FFFFFF",
      "borderRadius": 10,
      "marginTop": 4,
      "padding": 16,
    }
  }
>
  <Text
    style={
      {
        "color": "#353342",
        "fontWeight": 600,
      }
    }
  >
    No data found
  </Text>
</View>
`;
